error[E0277]: `{closure@tests/ui/too_many_tuple_elements.rs:7:9: 18:19}` is not a valid query
   --> tests/ui/too_many_tuple_elements.rs:7:9
    |
6   |       world.query(
    |             ----- required by a bound introduced by this call
7   | /         |_,
8   | |
9   | |          _: &u32,
10  | |          _: &i32,
...   |
17  | |          _: &u128,
18  | |          _: &i128| {},
    | |_____________________^
    |
    = help: the trait `secs::query::Query<_>` is not implemented for closure `{closure@tests/ui/too_many_tuple_elements.rs:7:9: 18:19}`
    = note: only tuples with 1 or up to 5 elements can be used as queries
note: required by a bound in `World::query`
   --> $DIR/src/world.rs
    |
LLL |     pub fn query<Q: Query<T>, T>(&self, f: Q) {
    |                     ^^^^^^^^ required by this bound in `World::query`

error: aborting due to 1 previous error

For more information about this error, try `rustc --explain E0277`.
